\BOOKMARK [1][-]{section.1}{\376\377\001\006\000w\000i\000c\000z\000e\000n\000i\000e\000\040\0001\000:\000\040\000H\000o\000s\000t\000i\000n\000g\000\040\000l\000o\000k\000a\000l\000n\000y}{}% 1
\BOOKMARK [2][-]{subsection.1.1}{\376\377\000I\000n\000i\000c\000j\000a\000l\000i\000z\000a\000c\000j\000a\000\040\000p\000r\000o\000j\000e\000k\000t\000u\000\040\000A\000S\000P\000.\000N\000E\000T\000\040\000C\000o\000r\000e}{section.1}% 2
\BOOKMARK [1][-]{section.2}{\376\377\000K\000o\000n\000f\000i\000g\000u\000r\000a\000c\000j\000a\000\040\000h\000o\000s\000t\000i\000n\000g\000u\000\040\000n\000a\000\040\000s\000i\000e\000c\000i\000\040\000l\000o\000k\000a\000l\000n\000e\000j}{}% 3
\BOOKMARK [2][-]{subsection.2.1}{\376\377\000M\000o\000d\000y\000f\000i\000k\000a\000c\000j\000a\000\040\000P\000r\000o\000g\000r\000a\000m\000.\000c\000s}{section.2}% 4
\BOOKMARK [2][-]{subsection.2.2}{\376\377\000M\000o\000d\000y\000f\000i\000k\000a\000c\000j\000a\000\040\000l\000a\000u\000n\000c\000h\000S\000e\000t\000t\000i\000n\000g\000s\000.\000j\000s\000o\000n}{section.2}% 5
\BOOKMARK [1][-]{section.3}{\376\377\000U\000r\000u\000c\000h\000o\000m\000i\000e\000n\000i\000e\000\040\000a\000p\000l\000i\000k\000a\000c\000j\000i}{}% 6
\BOOKMARK [2][-]{subsection.3.1}{\376\377\000B\000u\000i\000l\000d\000\040\000i\000\040\000s\000t\000a\000r\000t}{section.3}% 7
\BOOKMARK [1][-]{section.4}{\376\377\000T\000e\000s\000t\000o\000w\000a\000n\000i\000e\000\040\000a\000p\000l\000i\000k\000a\000c\000j\000i}{}% 8
\BOOKMARK [2][-]{subsection.4.1}{\376\377\000T\000e\000s\000t\000\040\0001\000:\000\040\000l\000o\000c\000a\000l\000h\000o\000s\000t\000:\0005\0000\0000\0000}{section.4}% 9
\BOOKMARK [2][-]{subsection.4.2}{\376\377\000T\000e\000s\000t\000\040\0002\000:\000\040\000I\000P\000\040\000l\000o\000k\000a\000l\000n\000y\000\040\0001\0009\0002\000.\0001\0006\0008\000.\0000\000.\0001\0000\0002\000:\0005\0000\0000\0000}{section.4}% 10
\BOOKMARK [2][-]{subsection.4.3}{\376\377\000T\000e\000s\000t\000\040\0003\000:\000\040\000E\000n\000d\000p\000o\000i\000n\000t\000\040\000/\000a\000p\000i\000/\000i\000n\000f\000o}{section.4}% 11
\BOOKMARK [2][-]{subsection.4.4}{\376\377\000T\000e\000s\000t\000\040\0004\000:\000\040\000E\000n\000d\000p\000o\000i\000n\000t\000\040\000/\000w\000e\000a\000t\000h\000e\000r\000f\000o\000r\000e\000c\000a\000s\000t}{section.4}% 12
\BOOKMARK [2][-]{subsection.4.5}{\376\377\000T\000e\000s\000t\000\040\0005\000:\000\040\000D\000o\000s\000t\001\031\000p\000\040\000z\000\040\000p\000r\000z\000e\000g\000l\001\005\000d\000a\000r\000k\000i\000\040\000\050\000l\000o\000c\000a\000l\000h\000o\000s\000t\000:\0005\0000\0000\0000\000\051}{section.4}% 13
\BOOKMARK [1][-]{section.5}{\376\377\000K\000o\000n\000f\000i\000g\000u\000r\000a\000c\000j\000a\000\040\000I\000I\000S\000\040\000E\000x\000p\000r\000e\000s\000s}{}% 14
\BOOKMARK [2][-]{subsection.5.1}{\376\377\000P\000r\000\363\000b\000y\000\040\000i\000n\000s\000t\000a\000l\000a\000c\000j\000i\000\040\000I\000I\000S\000\040\000E\000x\000p\000r\000e\000s\000s}{section.5}% 15
\BOOKMARK [2][-]{subsection.5.2}{\376\377\000B\001\102\001\005\000d\000\040\000i\000n\000s\000t\000a\000l\000a\000c\000j\000i}{section.5}% 16
\BOOKMARK [2][-]{subsection.5.3}{\376\377\000R\000o\000z\000w\000i\001\005\000z\000a\000n\000i\000e\000\040\000a\000l\000t\000e\000r\000n\000a\000t\000y\000w\000n\000e}{section.5}% 17
\BOOKMARK [2][-]{subsection.5.4}{\376\377\000P\000o\000d\000s\000u\000m\000o\000w\000a\000n\000i\000e}{section.5}% 18
\BOOKMARK [1][-]{section.6}{\376\377\001\006\000w\000i\000c\000z\000e\000n\000i\000e\000\040\0002\000:\000\040\000W\000d\000r\000a\001\174\000a\000n\000i\000e\000\040\000n\000a\000\040\000m\000a\000s\000z\000y\000n\001\031\000\040\000w\000i\000r\000t\000u\000a\000l\000n\001\005\000\040\000\050\000W\000S\000L\0002\000\040\000+\000\040\000U\000b\000u\000n\000t\000u\000\051}{}% 19
\BOOKMARK [2][-]{subsection.6.1}{\376\377\000I\000n\000f\000r\000a\000s\000t\000r\000u\000k\000t\000u\000r\000a}{section.6}% 20
\BOOKMARK [1][-]{section.7}{\376\377\000I\000n\000s\000t\000a\000l\000a\000c\000j\000a\000\040\000i\000\040\000k\000o\000n\000f\000i\000g\000u\000r\000a\000c\000j\000a\000\040\000W\000S\000L\0002}{}% 21
\BOOKMARK [2][-]{subsection.7.1}{\376\377\000U\000r\000u\000c\000h\000o\000m\000i\000e\000n\000i\000e\000\040\000U\000b\000u\000n\000t\000u}{section.7}% 22
\BOOKMARK [1][-]{section.8}{\376\377\000I\000n\000s\000t\000a\000l\000a\000c\000j\000a\000\040\000.\000N\000E\000T\000\040\0008}{}% 23
\BOOKMARK [2][-]{subsection.8.1}{\376\377\000I\000n\000s\000t\000a\000l\000a\000c\000j\000a\000\040\000.\000N\000E\000T\000\040\0008\000\040\000w\000\040\000U\000b\000u\000n\000t\000u}{section.8}% 24
\BOOKMARK [1][-]{section.9}{\376\377\000P\000u\000b\000l\000i\000k\000a\000c\000j\000a\000\040\000i\000\040\000w\000d\000r\000o\001\174\000e\000n\000i\000e\000\040\000a\000p\000l\000i\000k\000a\000c\000j\000i}{}% 25
\BOOKMARK [2][-]{subsection.9.1}{\376\377\000P\000u\000b\000l\000i\000k\000a\000c\000j\000a\000\040\000n\000a\000\040\000W\000i\000n\000d\000o\000w\000s}{section.9}% 26
\BOOKMARK [2][-]{subsection.9.2}{\376\377\000K\000o\000p\000i\000o\000w\000a\000n\000i\000e\000\040\000d\000o\000\040\000U\000b\000u\000n\000t\000u\000\040\000W\000S\000L\0002}{section.9}% 27
\BOOKMARK [2][-]{subsection.9.3}{\376\377\000U\000r\000u\000c\000h\000o\000m\000i\000e\000n\000i\000e\000\040\000a\000p\000l\000i\000k\000a\000c\000j\000i\000\040\000w\000\040\000U\000b\000u\000n\000t\000u}{section.9}% 28
\BOOKMARK [1][-]{section.10}{\376\377\000K\000o\000n\000f\000i\000g\000u\000r\000a\000c\000j\000a\000\040\000N\000g\000i\000n\000x\000\040\000\050\000R\000e\000v\000e\000r\000s\000e\000\040\000P\000r\000o\000x\000y\000\051}{}% 29
\BOOKMARK [2][-]{subsection.10.1}{\376\377\000I\000n\000s\000t\000a\000l\000a\000c\000j\000a\000\040\000N\000g\000i\000n\000x}{section.10}% 30
\BOOKMARK [2][-]{subsection.10.2}{\376\377\000K\000o\000n\000f\000i\000g\000u\000r\000a\000c\000j\000a\000\040\000r\000e\000v\000e\000r\000s\000e\000\040\000p\000r\000o\000x\000y}{section.10}% 31
\BOOKMARK [2][-]{subsection.10.3}{\376\377\000W\000e\000r\000y\000f\000i\000k\000a\000c\000j\000a\000\040\000k\000o\000n\000f\000i\000g\000u\000r\000a\000c\000j\000i}{section.10}% 32
\BOOKMARK [1][-]{section.11}{\376\377\000T\000e\000s\000t\000o\000w\000a\000n\000i\000e\000\040\000d\000o\000s\000t\001\031\000p\000u\000\040\000z\000\040\000W\000i\000n\000d\000o\000w\000s}{}% 33
\BOOKMARK [2][-]{subsection.11.1}{\376\377\000I\000P\000\040\000U\000b\000u\000n\000t\000u\000\040\000W\000S\000L\0002}{section.11}% 34
\BOOKMARK [2][-]{subsection.11.2}{\376\377\000T\000e\000s\000t\000\040\0001\000:\000\040\000R\000o\000o\000t\000\040\000e\000n\000d\000p\000o\000i\000n\000t}{section.11}% 35
\BOOKMARK [2][-]{subsection.11.3}{\376\377\000T\000e\000s\000t\000\040\0002\000:\000\040\000E\000n\000d\000p\000o\000i\000n\000t\000\040\000/\000a\000p\000i\000/\000i\000n\000f\000o}{section.11}% 36
\BOOKMARK [2][-]{subsection.11.4}{\376\377\000T\000e\000s\000t\000\040\0003\000:\000\040\000E\000n\000d\000p\000o\000i\000n\000t\000\040\000/\000w\000e\000a\000t\000h\000e\000r\000f\000o\000r\000e\000c\000a\000s\000t}{section.11}% 37
\BOOKMARK [1][-]{section.12}{\376\377\000P\000o\000d\000s\000u\000m\000o\000w\000a\000n\000i\000e\000\040\001\007\000w\000i\000c\000z\000e\000n\000i\000a\000\040\0002}{}% 38
\BOOKMARK [1][-]{section.13}{\376\377\001\006\000w\000i\000c\000z\000e\000n\000i\000e\000\040\0003\000:\000\040\000T\000u\000n\000e\000l\000\040\000C\000l\000o\000u\000d\000f\000l\000a\000r\000e}{}% 39
\BOOKMARK [1][-]{section.14}{\376\377\000R\000e\000j\000e\000s\000t\000r\000a\000c\000j\000a\000\040\000k\000o\000n\000t\000a\000\040\000C\000l\000o\000u\000d\000f\000l\000a\000r\000e}{}% 40
\BOOKMARK [2][-]{subsection.14.1}{\376\377\000T\000w\000o\000r\000z\000e\000n\000i\000e\000\040\000k\000o\000n\000t\000a}{section.14}% 41
\BOOKMARK [1][-]{section.15}{\376\377\000I\000n\000s\000t\000a\000l\000a\000c\000j\000a\000\040\000c\000l\000o\000u\000d\000f\000l\000a\000r\000e\000d}{}% 42
\BOOKMARK [2][-]{subsection.15.1}{\376\377\000P\000o\000b\000i\000e\000r\000a\000n\000i\000e\000\040\000i\000\040\000i\000n\000s\000t\000a\000l\000a\000c\000j\000a}{section.15}% 43
\BOOKMARK [1][-]{section.16}{\376\377\000K\000o\000n\000f\000i\000g\000u\000r\000a\000c\000j\000a\000\040\000Q\000u\000i\000c\000k\000\040\000T\000u\000n\000n\000e\000l}{}% 44
\BOOKMARK [2][-]{subsection.16.1}{\376\377\000T\000w\000o\000r\000z\000e\000n\000i\000e\000\040\000t\000u\000n\000e\000l\000u}{section.16}% 45
\BOOKMARK [2][-]{subsection.16.2}{\376\377\000W\000y\000j\001\133\000c\000i\000e\000\040\000c\000l\000o\000u\000d\000f\000l\000a\000r\000e\000d}{section.16}% 46
\BOOKMARK [2][-]{subsection.16.3}{\376\377\000D\000z\000i\000a\001\102\000a\000n\000i\000e\000\040\000t\000u\000n\000e\000l\000u}{section.16}% 47
\BOOKMARK [1][-]{section.17}{\376\377\000T\000e\000s\000t\000o\000w\000a\000n\000i\000e\000\040\000d\000o\000s\000t\001\031\000p\000u\000\040\000z\000\040\000W\000i\000n\000d\000o\000w\000s}{}% 48
\BOOKMARK [2][-]{subsection.17.1}{\376\377\000T\000e\000s\000t\000\040\0001\000:\000\040\000R\000o\000o\000t\000\040\000e\000n\000d\000p\000o\000i\000n\000t}{section.17}% 49
\BOOKMARK [2][-]{subsection.17.2}{\376\377\000T\000e\000s\000t\000\040\0002\000:\000\040\000E\000n\000d\000p\000o\000i\000n\000t\000\040\000/\000a\000p\000i\000/\000i\000n\000f\000o}{section.17}% 50
\BOOKMARK [2][-]{subsection.17.3}{\376\377\000T\000e\000s\000t\000\040\0003\000:\000\040\000E\000n\000d\000p\000o\000i\000n\000t\000\040\000/\000w\000e\000a\000t\000h\000e\000r\000f\000o\000r\000e\000c\000a\000s\000t}{section.17}% 51
\BOOKMARK [1][-]{section.18}{\376\377\000P\000o\000d\000s\000u\000m\000o\000w\000a\000n\000i\000e\000\040\001\007\000w\000i\000c\000z\000e\000n\000i\000a\000\040\0003}{}% 52
\BOOKMARK [1][-]{section.19}{\376\377\001\006\000w\000i\000c\000z\000e\000n\000i\000e\000\040\0004\000:\000\040\000W\000d\000r\000a\001\174\000a\000n\000i\000e\000\040\000n\000a\000\040\000V\000P\000S\000\040\000\050\000O\000r\000a\000c\000l\000e\000\040\000C\000l\000o\000u\000d\000\051}{}% 53
\BOOKMARK [1][-]{section.20}{\376\377\000T\000w\000o\000r\000z\000e\000n\000i\000e\000\040\000i\000n\000s\000t\000a\000n\000c\000j\000i\000\040\000C\000o\000m\000p\000u\000t\000e}{}% 54
\BOOKMARK [2][-]{subsection.20.1}{\376\377\000I\000n\000i\000c\000j\000a\000l\000i\000z\000a\000c\000j\000a\000\040\000i\000n\000s\000t\000a\000n\000c\000j\000i}{section.20}% 55
\BOOKMARK [2][-]{subsection.20.2}{\376\377\000P\000r\000z\000y\000d\000z\000i\000e\000l\000e\000n\000i\000e\000\040\000P\000u\000b\000l\000i\000c\000\040\000I\000P}{section.20}% 56
\BOOKMARK [1][-]{section.21}{\376\377\000K\000o\000n\000f\000i\000g\000u\000r\000a\000c\000j\000a\000\040\000S\000S\000H}{}% 57
\BOOKMARK [2][-]{subsection.21.1}{\376\377\000P\000o\000b\000i\000e\000r\000a\000n\000i\000e\000\040\000k\000l\000u\000c\000z\000a\000\040\000p\000r\000y\000w\000a\000t\000n\000e\000g\000o}{section.21}% 58
\BOOKMARK [2][-]{subsection.21.2}{\376\377\000P\000o\001\102\001\005\000c\000z\000e\000n\000i\000e\000\040\000S\000S\000H}{section.21}% 59
\BOOKMARK [1][-]{section.22}{\376\377\000I\000n\000s\000t\000a\000l\000a\000c\000j\000a\000\040\000.\000N\000E\000T\000\040\0008}{}% 60
\BOOKMARK [2][-]{subsection.22.1}{\376\377\000A\000k\000t\000u\000a\000l\000i\000z\000a\000c\000j\000a\000\040\000p\000a\000k\000i\000e\000t\000\363\000w}{section.22}% 61
\BOOKMARK [2][-]{subsection.22.2}{\376\377\000I\000n\000s\000t\000a\000l\000a\000c\000j\000a\000\040\000.\000N\000E\000T\000\040\000S\000D\000K\000\040\0008\000.\0000}{section.22}% 62
\BOOKMARK [1][-]{section.23}{\376\377\000K\000l\000o\000n\000o\000w\000a\000n\000i\000e\000\040\000a\000p\000l\000i\000k\000a\000c\000j\000i\000\040\000z\000\040\000G\000i\000t\000H\000u\000b}{}% 63
\BOOKMARK [2][-]{subsection.23.1}{\376\377\000P\000r\000z\000y\000g\000o\000t\000o\000w\000a\000n\000i\000e\000\040\000k\000a\000t\000a\000l\000o\000g\000u}{section.23}% 64
\BOOKMARK [2][-]{subsection.23.2}{\376\377\000K\000l\000o\000n\000o\000w\000a\000n\000i\000e\000\040\000r\000e\000p\000o\000z\000y\000t\000o\000r\000i\000u\000m}{section.23}% 65
\BOOKMARK [1][-]{section.24}{\376\377\000P\000u\000b\000l\000i\000k\000a\000c\000j\000a\000\040\000i\000\040\000w\000d\000r\000o\001\174\000e\000n\000i\000e\000\040\000a\000p\000l\000i\000k\000a\000c\000j\000i}{}% 66
\BOOKMARK [2][-]{subsection.24.1}{\376\377\000P\000u\000b\000l\000i\000k\000a\000c\000j\000a\000\040\000a\000p\000l\000i\000k\000a\000c\000j\000i}{section.24}% 67
\BOOKMARK [2][-]{subsection.24.2}{\376\377\000K\000o\000p\000i\000o\000w\000a\000n\000i\000e\000\040\000d\000o\000\040\000k\000a\000t\000a\000l\000o\000g\000u\000\040\000a\000p\000l\000i\000k\000a\000c\000j\000i}{section.24}% 68
\BOOKMARK [2][-]{subsection.24.3}{\376\377\000U\000r\000u\000c\000h\000o\000m\000i\000e\000n\000i\000e\000\040\000a\000p\000l\000i\000k\000a\000c\000j\000i}{section.24}% 69
\BOOKMARK [2][-]{subsection.24.4}{\376\377\000W\000e\000r\000y\000f\000i\000k\000a\000c\000j\000a\000\040\000u\000r\000u\000c\000h\000o\000m\000i\000e\000n\000i\000a}{section.24}% 70
\BOOKMARK [1][-]{section.25}{\376\377\000K\000o\000n\000f\000i\000g\000u\000r\000a\000c\000j\000a\000\040\000N\000g\000i\000n\000x\000\040\000\050\000R\000e\000v\000e\000r\000s\000e\000\040\000P\000r\000o\000x\000y\000\051}{}% 71
\BOOKMARK [2][-]{subsection.25.1}{\376\377\000I\000n\000s\000t\000a\000l\000a\000c\000j\000a\000\040\000N\000g\000i\000n\000x}{section.25}% 72
\BOOKMARK [2][-]{subsection.25.2}{\376\377\000K\000o\000n\000f\000i\000g\000u\000r\000a\000c\000j\000a\000\040\000r\000e\000v\000e\000r\000s\000e\000\040\000p\000r\000o\000x\000y}{section.25}% 73
\BOOKMARK [1][-]{section.26}{\376\377\000K\000o\000n\000f\000i\000g\000u\000r\000a\000c\000j\000a\000\040\000f\000i\000r\000e\000w\000a\000l\000l\000'\000u}{}% 74
\BOOKMARK [2][-]{subsection.26.1}{\376\377\000N\000e\000t\000w\000o\000r\000k\000\040\000S\000e\000c\000u\000r\000i\000t\000y\000\040\000G\000r\000o\000u\000p\000\040\000\050\000N\000S\000G\000\051}{section.26}% 75
\BOOKMARK [2][-]{subsection.26.2}{\376\377\000S\000e\000c\000u\000r\000i\000t\000y\000\040\000L\000i\000s\000t\000\040\000\050\000S\000u\000b\000n\000e\000t\000\051}{section.26}% 76
\BOOKMARK [2][-]{subsection.26.3}{\376\377\000R\000o\000u\000t\000e\000\040\000T\000a\000b\000l\000e}{section.26}% 77
\BOOKMARK [1][-]{section.27}{\376\377\000T\000e\000s\000t\000o\000w\000a\000n\000i\000e\000\040\000d\000o\000s\000t\001\031\000p\000u\000\040\000l\000o\000k\000a\000l\000n\000e\000g\000o\000\040\000\050\000n\000a\000\040\000V\000P\000S\000\051}{}% 78
\BOOKMARK [2][-]{subsection.27.1}{\376\377\000T\000e\000s\000t\000\040\0001\000:\000\040\000R\000o\000o\000t\000\040\000e\000n\000d\000p\000o\000i\000n\000t}{section.27}% 79
\BOOKMARK [2][-]{subsection.27.2}{\376\377\000T\000e\000s\000t\000\040\0002\000:\000\040\000E\000n\000d\000p\000o\000i\000n\000t\000\040\000/\000a\000p\000i\000/\000i\000n\000f\000o}{section.27}% 80
\BOOKMARK [2][-]{subsection.27.3}{\376\377\000T\000e\000s\000t\000\040\0003\000:\000\040\000E\000n\000d\000p\000o\000i\000n\000t\000\040\000/\000w\000e\000a\000t\000h\000e\000r\000f\000o\000r\000e\000c\000a\000s\000t}{section.27}% 81
\BOOKMARK [1][-]{section.28}{\376\377\000B\000r\000a\000k\000\040\000d\000o\000s\000t\001\031\000p\000u\000\040\000z\000\040\000W\000i\000n\000d\000o\000w\000s}{}% 82
\BOOKMARK [2][-]{subsection.28.1}{\376\377\000P\000r\000\363\000b\000a\000\040\000p\000o\001\102\001\005\000c\000z\000e\000n\000i\000a\000\040\000z\000\040\000W\000i\000n\000d\000o\000w\000s}{section.28}% 83
\BOOKMARK [2][-]{subsection.28.2}{\376\377\000P\000r\000\363\000b\000a\000\040\000P\000I\000N\000G\000'\000a}{section.28}% 84
\BOOKMARK [2][-]{subsection.28.3}{\376\377\000M\000o\001\174\000l\000i\000w\000e\000\040\000p\000r\000z\000y\000c\000z\000y\000n\000y\000\040\000p\000r\000o\000b\000l\000e\000m\000u}{section.28}% 85
