This is pdfTeX, Version 3.141592653-2.6-1.40.27 (MiKTeX 25.4) (preloaded format=pdflatex 2025.10.26)  28 DEC 2025 20:52
entering extended mode
 restricted \write18 enabled.
 %&-line parsing enabled.
**./raport_hosting.tex
(raport_hosting.tex
LaTeX2e <2025-06-01> patch level 1
L3 programming layer <2025-10-09>
(D:\latex\tex/latex/base\article.cls
Document Class: article 2025/01/22 v1.4n Standard LaTeX document class
(D:\latex\tex/latex/base\size10.clo
File: size10.clo 2025/01/22 v1.4n Standard LaTeX file (size option)
)
\c@part=\count275
\c@section=\count276
\c@subsection=\count277
\c@subsubsection=\count278
\c@paragraph=\count279
\c@subparagraph=\count280
\c@figure=\count281
\c@table=\count282
\abovecaptionskip=\skip49
\belowcaptionskip=\skip50
\bibindent=\dimen148
) (D:\latex\tex/latex/graphics\graphicx.sty
Package: graphicx 2024/12/31 v1.2e Enhanced LaTeX Graphics (DPC,SPQR)
(D:\latex\tex/latex/graphics\keyval.sty
Package: keyval 2022/05/29 v1.15 key=value parser (DPC)
\KV@toks@=\toks17
)
(D:\latex\tex/latex/graphics\graphics.sty
Package: graphics 2024/08/06 v1.4g Standard LaTeX Graphics (DPC,SPQR)
 (D:\latex\tex/latex/graphics\trig.sty
Package: trig 2023/12/02 v1.11 sin cos tan (DPC)
) (D:\latex\tex/latex/graphics-cfg\graphics.cfg
File: graphics.cfg 2016/06/04 v1.11 sample graphics configuration
)
Package graphics Info: Driver file: pdftex.def on input line 106.

(D:\latex\tex/latex/graphics-def\pdftex.def
File: pdftex.def 2025/09/29 v1.2d Graphics/color driver for pdftex
))
\Gin@req@height=\dimen149
\Gin@req@width=\dimen150
)
(D:\latex\tex/latex/fancyhdr\fancyhdr.sty
Package: fancyhdr 2025/02/07 v5.2 Extensive control of page headers and footers

\f@nch@headwidth=\skip51
\f@nch@offset@elh=\skip52
\f@nch@offset@erh=\skip53
\f@nch@offset@olh=\skip54
\f@nch@offset@orh=\skip55
\f@nch@offset@elf=\skip56
\f@nch@offset@erf=\skip57
\f@nch@offset@olf=\skip58
\f@nch@offset@orf=\skip59
\f@nch@height=\skip60
\f@nch@footalignment=\skip61
\f@nch@widthL=\skip62
\f@nch@widthC=\skip63
\f@nch@widthR=\skip64
\@temptokenb=\toks18
)
(D:\latex\tex/latex/lastpage\lastpage.sty
Package: lastpage 2025/08/14 v2.1h lastpage: 2.09 or 2e? (HMM)

(D:\latex\tex/latex/lastpage\lastpage2e.sty
Package: lastpage2e 2025/08/14 v2.1h Decide which 2e lastpage version to use (H
MM)

(D:\latex\tex/latex/lastpage\lastpagemodern.sty
Package: lastpagemodern 2025-08-14 v2.1h Refers to last page's name (HMM; JPG)
\c@lastpagecount=\count283
) 
)) (D:\latex\tex/latex/listings\listings.sty
\lst@mode=\count284
\lst@gtempboxa=\box53
\lst@token=\toks19
\lst@length=\count285
\lst@currlwidth=\dimen151
\lst@column=\count286
\lst@pos=\count287
\lst@lostspace=\dimen152
\lst@width=\dimen153
\lst@newlines=\count288
\lst@lineno=\count289
\lst@maxwidth=\dimen154

(D:\latex\tex/latex/listings\lstpatch.sty
File: lstpatch.sty 2024/09/23 1.10c (Carsten Heinz)
)
(D:\latex\tex/latex/listings\lstmisc.sty
File: lstmisc.sty 2024/09/23 1.10c (Carsten Heinz)
\c@lstnumber=\count290
\lst@skipnumbers=\count291
\lst@framebox=\box54
)
(D:\latex\tex/latex/listings\listings.cfg
File: listings.cfg 2024/09/23 1.10c listings configuration
))
Package: listings 2024/09/23 1.10c (Carsten Heinz)

(D:\latex\tex/latex/graphics\color.sty
Package: color 2025/01/14 v1.3e Standard LaTeX Color (DPC)

(D:\latex\tex/latex/graphics-cfg\color.cfg
File: color.cfg 2016/01/02 v1.6 sample color configuration
)
Package color Info: Driver file: pdftex.def on input line 149.

(D:\latex\tex/latex/graphics\mathcolor.ltx))
(D:\latex\tex/latex/multirow\multirow.sty
Package: multirow 2024/11/12 v2.9 Span multiple rows of a table
\multirow@colwidth=\skip65
\multirow@cntb=\count292
\multirow@dima=\skip66
\bigstrutjot=\dimen155
)
(D:\latex\tex/latex/hyperref\hyperref.sty
Package: hyperref 2025-07-12 v7.01o Hypertext links for LaTeX
 (D:\latex\tex/generic/iftex\iftex.sty
Package: iftex 2024/12/12 v1.0g TeX engine tests
) (D:\latex\tex/latex/kvsetkeys\kvsetkeys.sty
Package: kvsetkeys 2022-10-05 v1.19 Key value parser (HO)
)
(D:\latex\tex/generic/kvdefinekeys\kvdefinekeys.sty
Package: kvdefinekeys 2019-12-19 v1.6 Define keys (HO)
)
(D:\latex\tex/generic/pdfescape\pdfescape.sty
Package: pdfescape 2019/12/09 v1.15 Implements pdfTeX's escape features (HO)

(D:\latex\tex/generic/ltxcmds\ltxcmds.sty
Package: ltxcmds 2023-12-04 v1.26 LaTeX kernel commands for general use (HO)
)
(D:\latex\tex/generic/pdftexcmds\pdftexcmds.sty
Package: pdftexcmds 2020-06-27 v0.33 Utility functions of pdfTeX for LuaTeX (HO
)

(D:\latex\tex/generic/infwarerr\infwarerr.sty
Package: infwarerr 2019/12/03 v1.5 Providing info/warning/error messages (HO)
)
Package pdftexcmds Info: \pdf@primitive is available.
Package pdftexcmds Info: \pdf@ifprimitive is available.
Package pdftexcmds Info: \pdfdraftmode found.
))
(D:\latex\tex/latex/hycolor\hycolor.sty
Package: hycolor 2020-01-27 v1.10 Color options for hyperref/bookmark (HO)
)
(D:\latex\tex/latex/hyperref\nameref.sty
Package: nameref 2025-06-21 v2.57 Cross-referencing by name of section

(D:\latex\tex/latex/refcount\refcount.sty
Package: refcount 2019/12/15 v3.6 Data extraction from label references (HO)
)
(D:\latex\tex/generic/gettitlestring\gettitlestring.sty
Package: gettitlestring 2019/12/15 v1.6 Cleanup title references (HO)

(D:\latex\tex/latex/kvoptions\kvoptions.sty
Package: kvoptions 2022-06-15 v3.15 Key value format for package options (HO)
))
\c@section@level=\count293
)
(D:\latex\tex/latex/etoolbox\etoolbox.sty
Package: etoolbox 2025/10/02 v2.5m e-TeX tools for LaTeX (JAW)
\etb@tempcnta=\count294
)
(D:\latex\tex/generic/stringenc\stringenc.sty
Package: stringenc 2019/11/29 v1.12 Convert strings between diff. encodings (HO
)
)
\@linkdim=\dimen156
\Hy@linkcounter=\count295
\Hy@pagecounter=\count296

(D:\latex\tex/latex/hyperref\pd1enc.def
File: pd1enc.def 2025-07-12 v7.01o Hyperref: PDFDocEncoding definition (HO)
Now handling font encoding PD1 ...
... no UTF-8 mapping file for font encoding PD1
)
(D:\latex\tex/generic/intcalc\intcalc.sty
Package: intcalc 2019/12/15 v1.3 Expandable calculations with integers (HO)
)
\Hy@SavedSpaceFactor=\count297

(D:\latex\tex/latex/hyperref\puenc.def
File: puenc.def 2025-07-12 v7.01o Hyperref: PDF Unicode definition (HO)
Now handling font encoding PU ...
... no UTF-8 mapping file for font encoding PU
)
Package hyperref Info: Hyper figures OFF on input line 4195.
Package hyperref Info: Link nesting OFF on input line 4200.
Package hyperref Info: Hyper index ON on input line 4203.
Package hyperref Info: Plain pages OFF on input line 4210.
Package hyperref Info: Backreferencing OFF on input line 4215.
Package hyperref Info: Implicit mode ON; LaTeX internals redefined.
Package hyperref Info: Bookmarks ON on input line 4462.
\c@Hy@tempcnt=\count298
 (D:\latex\tex/latex/url\url.sty
\Urlmuskip=\muskip17
Package: url 2013/09/16  ver 3.4  Verb mode for urls, etc.
)
LaTeX Info: Redefining \url on input line 4801.
\XeTeXLinkMargin=\dimen157

(D:\latex\tex/generic/bitset\bitset.sty
Package: bitset 2019/12/09 v1.3 Handle bit-vector datatype (HO)

(D:\latex\tex/generic/bigintcalc\bigintcalc.sty
Package: bigintcalc 2019/12/15 v1.5 Expandable calculations on big integers (HO
)
))
\Fld@menulength=\count299
\Field@Width=\dimen158
\Fld@charsize=\dimen159
Package hyperref Info: Hyper figures OFF on input line 6078.
Package hyperref Info: Link nesting OFF on input line 6083.
Package hyperref Info: Hyper index ON on input line 6086.
Package hyperref Info: backreferencing OFF on input line 6093.
Package hyperref Info: Link coloring OFF on input line 6098.
Package hyperref Info: Link coloring with OCG OFF on input line 6103.
Package hyperref Info: PDF/A mode OFF on input line 6108.
\Hy@abspage=\count300
\c@Item=\count301
\c@Hfootnote=\count302
)
Package hyperref Info: Driver (autodetected): hpdftex.

(D:\latex\tex/latex/hyperref\hpdftex.def
File: hpdftex.def 2025-07-12 v7.01o Hyperref driver for pdfTeX
\Fld@listcount=\count303
\c@bookmark@seq@number=\count304

(D:\latex\tex/latex/rerunfilecheck\rerunfilecheck.sty
Package: rerunfilecheck 2025-06-21 v1.11 Rerun checks for auxiliary files (HO)

(D:\latex\tex/generic/uniquecounter\uniquecounter.sty
Package: uniquecounter 2019/12/15 v1.4 Provide unlimited unique counter (HO)
)
Package uniquecounter Info: New unique counter `rerunfilecheck' on input line 2
84.
)
\Hy@SectionHShift=\skip67
)
(D:\latex\tex/latex/float\float.sty
Package: float 2001/11/08 v1.3d Float enhancements (AL)
\c@float@type=\count305
\float@exts=\toks20
\float@box=\box55
\@float@everytoks=\toks21
\@floatcapt=\box56
) (D:\latex\tex/latex/xcolor\xcolor.sty
Package: xcolor 2024/09/29 v3.02 LaTeX color extensions (UK)

(D:\latex\tex/latex/graphics-cfg\color.cfg
File: color.cfg 2016/01/02 v1.6 sample color configuration
)
Package xcolor Info: Driver file: pdftex.def on input line 274.
LaTeX Info: Redefining \color on input line 762.

(D:\latex\tex/latex/graphics\mathcolor.ltx)
Package xcolor Info: Model `cmy' substituted by `cmy0' on input line 1349.
Package xcolor Info: Model `hsb' substituted by `rgb' on input line 1353.
Package xcolor Info: Model `RGB' extended on input line 1365.
Package xcolor Info: Model `HTML' substituted by `rgb' on input line 1367.
Package xcolor Info: Model `Hsb' substituted by `hsb' on input line 1368.
Package xcolor Info: Model `tHsb' substituted by `hsb' on input line 1369.
Package xcolor Info: Model `HSB' substituted by `hsb' on input line 1370.
Package xcolor Info: Model `Gray' substituted by `gray' on input line 1371.
Package xcolor Info: Model `wave' substituted by `hsb' on input line 1372.
)
(D:\latex\tex/latex/base\fontenc.sty
Package: fontenc 2024/12/21 v2.1c Standard LaTeX package
) (D:\latex\tex/latex/base\inputenc.sty
Package: inputenc 2024/02/08 v1.3d Input encoding file
\inpenc@prehook=\toks22
\inpenc@posthook=\toks23
)
(D:\latex\tex/generic/babel\babel.sty
Package: babel 2025/10/22 v25.14 The multilingual framework for LuaLaTeX, pdfLa
TeX and XeLaTeX
\babel@savecnt=\count306
LaTeX Encoding Info:    Redeclaring text command \ij (encoding OT1) on input li
ne 2050.
LaTeX Encoding Info:    Redeclaring text command \IJ (encoding OT1) on input li
ne 2052.
LaTeX Encoding Info:    Redeclaring text command \ij (encoding T1) on input lin
e 2054.
LaTeX Encoding Info:    Redeclaring text command \IJ (encoding T1) on input lin
e 2055.
LaTeX Encoding Info:    Ignoring declaration for text command \ij (encoding ?) 
on input line 2056.
LaTeX Encoding Info:    Ignoring declaration for text command \IJ (encoding ?) 
on input line 2058.
LaTeX Encoding Info:    Ignoring declaration for text command \SS (encoding ?) 
on input line 2083.
\U@D=\dimen160
\l@unhyphenated=\language79
 (D:\latex\tex/generic/babel\txtbabel.def)
\bbl@readstream=\read2
\bbl@dirlevel=\count307

Package babel Warning: Configuration files are deprecated, as
(babel)                they can break document portability.
(babel)                Reported on input line 4172.

*************************************
* Local config file bblopts.cfg used
*
(D:\latex\tex/latex/arabi\bblopts.cfg
File: bblopts.cfg 2005/09/08 v0.1 add Arabic and Farsi to "declared" options of
 babel
)
(D:\latex\tex/generic/babel/locale/pl\babel-polish.tex)
Package babel Info: Importing font and identification data for polish
(babel)             from babel-pl.ini. Reported on input line 4295.

(D:\latex\tex/latex/babel-polish\polish.ldf
Language: polish 2022/03/12 1.3 Babel support for Polish
Package babel Info: Making " an active character on input line 101.
))
(D:\latex\tex/latex/l3backend\l3backend-pdftex.def
File: l3backend-pdftex.def 2025-10-09 L3 backend support: PDF output (pdfTeX)
\l__color_backend_stack_int=\count308
) (raport_hosting.aux
Package babel Info: 'polish' activates 'polish' shorthands.
(babel)             Reported on input line 8.
)
\openout1 = `raport_hosting.aux'.

LaTeX Font Info:    Checking defaults for OML/cmm/m/it on input line 36.
LaTeX Font Info:    ... okay on input line 36.
LaTeX Font Info:    Checking defaults for OMS/cmsy/m/n on input line 36.
LaTeX Font Info:    ... okay on input line 36.
LaTeX Font Info:    Checking defaults for OT1/cmr/m/n on input line 36.
LaTeX Font Info:    ... okay on input line 36.
LaTeX Font Info:    Checking defaults for T1/cmr/m/n on input line 36.
LaTeX Font Info:    ... okay on input line 36.
LaTeX Font Info:    Checking defaults for TS1/cmr/m/n on input line 36.
LaTeX Font Info:    ... okay on input line 36.
LaTeX Font Info:    Checking defaults for OMX/cmex/m/n on input line 36.
LaTeX Font Info:    ... okay on input line 36.
LaTeX Font Info:    Checking defaults for U/cmr/m/n on input line 36.
LaTeX Font Info:    ... okay on input line 36.
LaTeX Font Info:    Checking defaults for PD1/pdf/m/n on input line 36.
LaTeX Font Info:    ... okay on input line 36.
LaTeX Font Info:    Checking defaults for PU/pdf/m/n on input line 36.
LaTeX Font Info:    ... okay on input line 36.

(D:\latex\tex/context/base/mkii\supp-pdf.mkii
[Loading MPS to PDF converter (version 2006.09.02).]
\scratchcounter=\count309
\scratchdimen=\dimen161
\scratchbox=\box57
\nofMPsegments=\count310
\nofMParguments=\count311
\everyMPshowfont=\toks24
\MPscratchCnt=\count312
\MPscratchDim=\dimen162
\MPnumerator=\count313
\makeMPintoPDFobject=\count314
\everyMPtoPDFconversion=\toks25
) (D:\latex\tex/latex/epstopdf-pkg\epstopdf-base.sty
Package: epstopdf-base 2020-01-24 v2.11 Base part for package epstopdf

(D:\latex\tex/latex/grfext\grfext.sty
Package: grfext 2019/12/03 v1.3 Manage graphics extensions (HO)
)
Package epstopdf-base Info: Redefining graphics rule for `.eps' on input line 4
85.
Package grfext Info: Graphics extension search list:
(grfext)             [.pdf,.png,.jpg,.mps,.jpeg,.jbig2,.jb2,.PDF,.PNG,.JPG,.JPE
G,.JBIG2,.JB2,.eps]
(grfext)             \AppendGraphicsExtensions on input line 504.

(D:\latex\tex/latex/00miktex\epstopdf-sys.cfg
File: epstopdf-sys.cfg 2021/03/18 v2.0 Configuration of epstopdf for MiKTeX
))
\c@lstlisting=\count315
Package hyperref Info: Link coloring OFF on input line 36.
 (raport_hosting.out)
(raport_hosting.out)
\@outlinefile=\write3
\openout3 = `raport_hosting.out'.



[1{C:/Users/pawel/AppData/Local/MiKTeX/fonts/map/pdftex/pdftex.map}

]
Overfull \hbox (22.41028pt too wide) in paragraph at lines 63--63
[]\T1/cmtt/m/n/10 PS D:\stud\sem 5\Desktop\z9> dotnet new webapi -n HostingApp 
-f net9.0[] 
 []



[2]
Overfull \hbox (22.41028pt too wide) in paragraph at lines 129--129
[]\T1/cmtt/m/n/10 PS D:\stud\sem 5\Desktop\z9\HostingApp> dotnet run --no-launc
h-profile[] 
 []


Overfull \hbox (1.4154pt too wide) in paragraph at lines 165--165
[]\T1/cmtt/m/n/10 Invoke-WebRequest -Uri http://192.168.0.102:5000/ -UseBasicPa
rsing[] 
 []



[3]
Overfull \hbox (43.40515pt too wide) in paragraph at lines 182--182
[]\T1/cmtt/m/n/10 Invoke-WebRequest -Uri http://192.168.0.102:5000/api/info -Us
eBasicParsing[] 
 []


Overfull \hbox (80.14618pt too wide) in paragraph at lines 208--208
[]\T1/cmtt/m/n/10 Invoke-WebRequest -Uri http://192.168.0.102:5000/weatherforec
ast -UseBasicParsing[] 
 []



[4]
Overfull \hbox (6.66412pt too wide) in paragraph at lines 244--244
[]\T1/cmtt/m/n/10 "Nie mo»na zainstalowa¢ 32-bitowej wersji produktu IIS 10.0 E
xpress[] 
 []


Overfull \hbox (0.99774pt too wide) in paragraph at lines 248--249
\T1/cmr/m/n/10 Ze wzgl¦du na ogra-ni-cze-nia Win-dows 11 x64, za-sto-so-wano sy
-mu-la-cj¦ IIS Express: 
 []



[5]
LaTeX Font Info:    External font `cmex10' loaded for size
(Font)              <7> on input line 266.
LaTeX Font Info:    External font `cmex10' loaded for size
(Font)              <5> on input line 266.

Overfull \hbox (69.64874pt too wide) in paragraph at lines 327--327
[] \T1/cmtt/m/n/10 PS D:\stud\sem 5\Desktop\z9\HostingApp> dotnet publish -c Re
lease -o ./publish[] 
 []



[6]
Overfull \hbox (106.38977pt too wide) in paragraph at lines 346--346
[] \T1/cmtt/m/n/10 wsl cp -r /mnt/d/stud/sem\ 5/Desktop/z9/HostingApp/publish/*
 /home/pawel/app/publish/[] 
 []



[7]
Overfull \hbox (38.15643pt too wide) in paragraph at lines 410--410
[] \T1/cmtt/m/n/10 nginx.service - A high performance web server and a reverse 
proxy server[] 
 []



[8]
Overfull \hbox (22.41028pt too wide) in paragraph at lines 433--433
[] \T1/cmtt/m/n/10 Content           : {"status":"ok","message":"HostingApp is 
running",[] 
 []



[9]
Overfull \hbox (211.36414pt too wide) in paragraph at lines 508--508
[] \T1/cmtt/m/n/10 MonaILZA% wget https://github.com/cloudflare/cloudflared/rel
eases/latest/download/cloudflared-linux-amd64[] 
 []


Overfull \hbox (17.16156pt too wide) in paragraph at lines 508--508
[] \T1/cmtt/m/n/10 MonaILZA% sudo mv cloudflared-linux-amd64 /usr/local/bin/clo
udflared[] 
 []



[10]
Overfull \hbox (32.90771pt too wide) in paragraph at lines 536--536
[] \T1/cmtt/m/n/10 Doing so, without a Cloudflare account, is a quick way to ex
periment...[] 
 []


Overfull \hbox (59.1513pt too wide) in paragraph at lines 536--536
[] \T1/cmtt/m/n/10 2025-12-28T19:41:27Z INF Requesting new quick Tunnel on tryc
loudflare.com...[] 
 []


Overfull \hbox (59.1513pt too wide) in paragraph at lines 536--536
[] \T1/cmtt/m/n/10 2025-12-28T19:41:32Z INF |  https://episode-dsl-spell-taxi.t
rycloudflare.com[] 
 []


Overfull \hbox (106.38977pt too wide) in paragraph at lines 536--536
[] \T1/cmtt/m/n/10 2025-12-28T19:41:32Z INF Generated Connector ID: e254d858-32
9b-4215-90a3-a936a56b07b6[] 
 []


Overfull \hbox (1.4154pt too wide) in paragraph at lines 536--536
[] \T1/cmtt/m/n/10 2025-12-28T19:41:33Z INF Registered tunnel connection connIn
dex=0[] 
 []


Overfull \hbox (48.65387pt too wide) in paragraph at lines 564--564
[] \T1/cmtt/m/n/10 Invoke-WebRequest -Uri https://episode-dsl-spell-taxi.tryclo
udflare.com/ `[] 
 []


Overfull \hbox (22.41028pt too wide) in paragraph at lines 564--564
[] \T1/cmtt/m/n/10 Content           : {"status":"ok","message":"HostingApp is 
running",[] 
 []


Overfull \hbox (90.64362pt too wide) in paragraph at lines 577--577
[] \T1/cmtt/m/n/10 Invoke-WebRequest -Uri https://episode-dsl-spell-taxi.tryclo
udflare.com/api/info `[] 
 []



[11]
Overfull \hbox (127.38464pt too wide) in paragraph at lines 590--590
[] \T1/cmtt/m/n/10 Invoke-WebRequest -Uri https://episode-dsl-spell-taxi.tryclo
udflare.com/weatherforecast `[] 
 []



[12] 
enddocument/afterlastpage (AED): lastpage setting LastPage.
(raport_hosting.aux)
 ***********
LaTeX2e <2025-06-01> patch level 1
L3 programming layer <2025-10-09>
 ***********
Package rerunfilecheck Info: File `raport_hosting.out' has not changed.
(rerunfilecheck)             Checksum: 8A78078B6D1E4C746550E8ADE4B9F425;9839.
 ) 
Here is how much of TeX's memory you used:
 12676 strings out of 468080
 193069 string characters out of 5443087
 759636 words of memory out of 5000000
 41090 multiletter control sequences out of 15000+600000
 635615 words of font info for 52 fonts, out of 8000000 for 9000
 1141 hyphenation exceptions out of 8191
 75i,12n,79p,432b,1990s stack positions out of 10000i,1000n,20000p,200000b,200000s
 <C:\Users\pawel\AppData\Local\MiKTeX\fonts/pk/ljfour/jknappen/ec/dpi600\ecbx
1000.pk> <C:\Users\pawel\AppData\Local\MiKTeX\fonts/pk/ljfour/jknappen/ec/dpi60
0\tcrm1000.pk> <C:\Users\pawel\AppData\Local\MiKTeX\fonts/pk/ljfour/jknappen/ec
/dpi600\ectt0900.pk> <C:\Users\pawel\AppData\Local\MiKTeX\fonts/pk/ljfour/jknap
pen/ec/dpi600\ectt1000.pk> <C:\Users\pawel\AppData\Local\MiKTeX\fonts/pk/ljfour
/jknappen/ec/dpi600\ecbx1200.pk> <C:\Users\pawel\AppData\Local\MiKTeX\fonts/pk/
ljfour/jknappen/ec/dpi600\ecbx1440.pk> <C:\Users\pawel\AppData\Local\MiKTeX\fon
ts/pk/ljfour/jknappen/ec/dpi600\ecrm1440.pk> <C:\Users\pawel\AppData\Local\MiKT
eX\fonts/pk/ljfour/jknappen/ec/dpi600\ecbx2488.pk> <C:\Users\pawel\AppData\Loca
l\MiKTeX\fonts/pk/ljfour/jknappen/ec/dpi600\ecrm1000.pk>
Output written on raport_hosting.pdf (12 pages, 199333 bytes).
PDF statistics:
 799 PDF objects out of 1000 (max. 8388607)
 116 named destinations out of 1000 (max. 500000)
 417 words of extra memory for PDF output out of 10000 (max. 10000000)

