\BOOKMARK [1][-]{section.1}{\376\377\000S\000t\000w\000o\000r\000z\000e\000n\000i\000e\000\040\000p\000r\000o\000s\000t\000e\000g\000o\000\040\000s\000e\000r\000w\000e\000r\000a\000\040\000M\000C\000P\000\040\000w\000\040\000C\000\043}{}% 1
\BOOKMARK [2][-]{subsection.1.1}{\376\377\000A\000r\000c\000h\000i\000t\000e\000k\000t\000u\000r\000a}{section.1}% 2
\BOOKMARK [2][-]{subsection.1.2}{\376\377\000I\000n\000i\000c\000j\000a\000l\000i\000z\000a\000c\000j\000a\000\040\000p\000r\000o\000j\000e\000k\000t\000u}{section.1}% 3
\BOOKMARK [2][-]{subsection.1.3}{\376\377\000P\000r\000o\000g\000r\000a\000m\000.\000c\000s\000\040\000-\000\040\000D\000e\000f\000i\000n\000i\000c\000j\000a\000\040\000e\000n\000d\000p\000o\000i\000n\000t\000\363\000w}{section.1}% 4
\BOOKMARK [2][-]{subsection.1.4}{\376\377\000O\000b\000s\001\102\000u\000g\000i\000w\000a\000n\000e\000\040\000k\000o\000m\000e\000n\000d\000y}{section.1}% 5
\BOOKMARK [2][-]{subsection.1.5}{\376\377\000T\000e\000s\000t\000\040\000l\000o\000k\000a\000l\000n\000y}{section.1}% 6
\BOOKMARK [2][-]{subsection.1.6}{\376\377\000W\000n\000i\000o\000s\000k\000i}{section.1}% 7
\BOOKMARK [1][-]{section.2}{\376\377\000K\000l\000i\000e\000n\000t\000\040\000M\000C\000P\000\040\040\023\000\040\000w\000y\000w\000o\001\102\000a\000n\000i\000e\000\040\000n\000a\000r\000z\001\031\000d\000z\000i\000a\000\040\000M\000C\000P\000\040\000p\000r\000z\000e\000z\000\040\000L\000L\000M\000\040\000z\000\040\000k\000o\000d\000u\000\040\000C\000\043}{}% 8
\BOOKMARK [2][-]{subsection.2.1}{\376\377\000C\000e\000l}{section.2}% 9
\BOOKMARK [2][-]{subsection.2.2}{\376\377\000A\000r\000c\000h\000i\000t\000e\000k\000t\000u\000r\000a}{section.2}% 10
\BOOKMARK [2][-]{subsection.2.3}{\376\377\000M\000C\000P\000I\000n\000t\000e\000g\000r\000a\000t\000o\000r\000\137\000A\000z\000u\000r\000e\000.\000c\000s\000\040\000-\000\040\000K\000l\000a\000s\000a\000\040\000i\000n\000t\000e\000g\000r\000a\000c\000y\000j\000n\000a}{section.2}% 11
\BOOKMARK [2][-]{subsection.2.4}{\376\377\000P\000r\000o\000g\000r\000a\000m\000.\000c\000s\000\040\000-\000\040\000S\000e\000s\000j\000a\000\040\000i\000n\000t\000e\000r\000a\000k\000t\000y\000w\000n\000a}{section.2}% 12
\BOOKMARK [2][-]{subsection.2.5}{\376\377\000K\000o\000n\000f\000i\000g\000u\000r\000a\000c\000j\000a\000\040\000G\000r\000o\000q\000\040\000A\000P\000I}{section.2}% 13
\BOOKMARK [2][-]{subsection.2.6}{\376\377\000M\000o\000d\000e\000l\000\040\000L\000L\000M}{section.2}% 14
\BOOKMARK [2][-]{subsection.2.7}{\376\377\000W\000n\000i\000o\000s\000k\000i}{section.2}% 15
\BOOKMARK [1][-]{section.3}{\376\377\000R\000o\000z\000s\000z\000e\000r\000z\000e\000n\000i\000e\000\040\000s\000e\000r\000w\000e\000r\000a\000\040\000M\000C\000P\000\040\040\023\000\040\000d\000o\000s\000t\001\031\000p\000\040\000d\000o\000\040\000b\000a\000z\000y\000\040\000d\000a\000n\000y\000c\000h}{}% 16
\BOOKMARK [2][-]{subsection.3.1}{\376\377\000C\000e\000l}{section.3}% 17
\BOOKMARK [2][-]{subsection.3.2}{\376\377\000D\000a\000t\000a\000b\000a\000s\000e\000S\000e\000r\000v\000e\000r\000.\000c\000s\000\040\000-\000\040\000Z\000a\000r\000z\001\005\000d\000z\000a\000n\000i\000e\000\040\000b\000a\000z\001\005\000\040\000d\000a\000n\000y\000c\000h}{section.3}% 18
\BOOKMARK [2][-]{subsection.3.3}{\376\377\000S\000a\000m\000p\000l\000e\000\040\000D\000a\000t\000a\000\040\000-\000\040\000S\000e\000e\000d\000i\000n\000g}{section.3}% 19
\BOOKMARK [2][-]{subsection.3.4}{\376\377\000T\000e\000s\000t\000o\000w\000a\000n\000i\000e\000\040\000o\000p\000e\000r\000a\000c\000j\000i\000\040\000C\000R\000U\000D}{section.3}% 20
\BOOKMARK [3][-]{subsubsection.3.4.1}{\376\377\000T\000e\000s\000t\000\040\0001\000:\000\040\000L\000i\000s\000t\000\040\000T\000a\000b\000l\000e\000s}{subsection.3.4}% 21
\BOOKMARK [3][-]{subsubsection.3.4.2}{\376\377\000T\000e\000s\000t\000\040\0002\000:\000\040\000Q\000u\000e\000r\000y\000\040\000U\000s\000e\000r\000s}{subsection.3.4}% 22
\BOOKMARK [3][-]{subsubsection.3.4.3}{\376\377\000T\000e\000s\000t\000\040\0003\000:\000\040\000I\000n\000s\000e\000r\000t\000\040\000D\000a\000t\000a}{subsection.3.4}% 23
\BOOKMARK [3][-]{subsubsection.3.4.4}{\376\377\000T\000e\000s\000t\000\040\0004\000:\000\040\000U\000p\000d\000a\000t\000e\000\040\000D\000a\000t\000a}{subsection.3.4}% 24
\BOOKMARK [3][-]{subsubsection.3.4.5}{\376\377\000T\000e\000s\000t\000\040\0005\000:\000\040\000D\000e\000l\000e\000t\000e\000\040\000D\000a\000t\000a}{subsection.3.4}% 25
\BOOKMARK [1][-]{section.4}{\376\377\000D\000e\000p\000l\000o\000y\000m\000e\000n\000t\000\040\000n\000a\000\040\000A\000z\000u\000r\000e}{}% 26
\BOOKMARK [2][-]{subsection.4.1}{\376\377\000C\000e\000l}{section.4}% 27
\BOOKMARK [2][-]{subsection.4.2}{\376\377\000P\000r\000z\000y\000g\000o\000t\000o\000w\000a\000n\000i\000e\000\040\000i\000n\000f\000r\000a\000s\000t\000r\000u\000k\000t\000u\000r\000y}{section.4}% 28
\BOOKMARK [3][-]{subsubsection.4.2.1}{\376\377\000Z\000a\000s\000o\000b\000y\000\040\000A\000z\000u\000r\000e}{subsection.4.2}% 29
\BOOKMARK [3][-]{subsubsection.4.2.2}{\376\377\000A\000z\000u\000r\000e\000\040\000C\000L\000I\000\040\000-\000\040\000T\000w\000o\000r\000z\000e\000n\000i\000e\000\040\000z\000a\000s\000o\000b\000\363\000w}{subsection.4.2}% 30
\BOOKMARK [2][-]{subsection.4.3}{\376\377\000P\000u\000b\000l\000i\000k\000a\000c\000j\000a\000\040\000i\000\040\000w\000d\000r\000a\001\174\000a\000n\000i\000e}{section.4}% 31
\BOOKMARK [3][-]{subsubsection.4.3.1}{\376\377\000B\000u\000i\000l\000d\000\040\000R\000e\000l\000e\000a\000s\000e}{subsection.4.3}% 32
\BOOKMARK [3][-]{subsubsection.4.3.2}{\376\377\000D\000e\000p\000l\000o\000y\000m\000e\000n\000t\000\040\000d\000o\000\040\000A\000z\000u\000r\000e}{subsection.4.3}% 33
\BOOKMARK [2][-]{subsection.4.4}{\376\377\000W\000e\000r\000y\000f\000i\000k\000a\000c\000j\000a\000\040\000d\000e\000p\000l\000o\000y\000m\000e\000n\000t\000'\000u}{section.4}% 34
\BOOKMARK [3][-]{subsubsection.4.4.1}{\376\377\000T\000e\000s\000t\000\040\000e\000n\000d\000p\000o\000i\000n\000t\000u}{subsection.4.4}% 35
\BOOKMARK [3][-]{subsubsection.4.4.2}{\376\377\000T\000e\000s\000t\000\040\000h\000e\000a\000l\000t\000h\000\040\000c\000h\000e\000c\000k}{subsection.4.4}% 36
\BOOKMARK [2][-]{subsection.4.5}{\376\377\000T\000e\000s\000t\000y\000\040\000n\000a\000\040\000p\000r\000o\000d\000u\000k\000c\000j\000i}{section.4}% 37
\BOOKMARK [3][-]{subsubsection.4.5.1}{\376\377\000T\000e\000s\000t\000\040\0001\000:\000\040\000H\000e\000a\000l\000t\000h\000\040\000C\000h\000e\000c\000k}{subsection.4.5}% 38
\BOOKMARK [3][-]{subsubsection.4.5.2}{\376\377\000T\000e\000s\000t\000\040\0002\000:\000\040\000L\000i\000s\000t\000\040\000T\000a\000b\000l\000e\000s}{subsection.4.5}% 39
\BOOKMARK [3][-]{subsubsection.4.5.3}{\376\377\000T\000e\000s\000t\000\040\0003\000:\000\040\000Q\000u\000e\000r\000y\000\040\000U\000s\000e\000r\000s}{subsection.4.5}% 40
\BOOKMARK [3][-]{subsubsection.4.5.4}{\376\377\000T\000e\000s\000t\000\040\0004\000:\000\040\000Q\000u\000e\000r\000y\000\040\000P\000r\000o\000d\000u\000c\000t\000s}{subsection.4.5}% 41
\BOOKMARK [3][-]{subsubsection.4.5.5}{\376\377\000T\000e\000s\000t\000\040\0005\000:\000\040\000I\000n\000s\000e\000r\000t\000\040\000U\000s\000e\000r}{subsection.4.5}% 42
\BOOKMARK [3][-]{subsubsection.4.5.6}{\376\377\000T\000e\000s\000t\000\040\0006\000:\000\040\000U\000p\000d\000a\000t\000e\000\040\000P\000r\000o\000d\000u\000c\000t\000\040\000P\000r\000i\000c\000e}{subsection.4.5}% 43
\BOOKMARK [3][-]{subsubsection.4.5.7}{\376\377\000T\000e\000s\000t\000\040\0007\000:\000\040\000D\000e\000l\000e\000t\000e\000\040\000U\000s\000e\000r}{subsection.4.5}% 44
\BOOKMARK [3][-]{subsubsection.4.5.8}{\376\377\000T\000e\000s\000t\000\040\0008\000:\000\040\000D\000a\000t\000a\000b\000a\000s\000e\000\040\000I\000n\000i\000t\000i\000a\000l\000i\000z\000a\000t\000i\000o\000n}{subsection.4.5}% 45
\BOOKMARK [3][-]{subsubsection.4.5.9}{\376\377\000T\000e\000s\000t\000\040\0009\000:\000\040\000E\000r\000r\000o\000r\000\040\000H\000a\000n\000d\000l\000i\000n\000g\000\040\000-\000\040\000I\000n\000v\000a\000l\000i\000d\000\040\000C\000o\000m\000m\000a\000n\000d}{subsection.4.5}% 46
\BOOKMARK [3][-]{subsubsection.4.5.10}{\376\377\000T\000e\000s\000t\000\040\0001\0000\000:\000\040\000P\000e\000r\000f\000o\000r\000m\000a\000n\000c\000e\000\040\000-\000\040\000R\000e\000s\000p\000o\000n\000s\000e\000\040\000T\000i\000m\000e}{subsection.4.5}% 47
\BOOKMARK [3][-]{subsubsection.4.5.11}{\376\377\000R\000E\000S\000T\000\040\000A\000P\000I\000\040\000-\000\040\0001\0000\000\040\000t\000e\000s\000t\000\363\000w}{subsection.4.5}% 48
\BOOKMARK [1][-]{section.5}{\376\377\000P\000o\000d\000s\000u\000m\000o\000w\000a\000n\000i\000e\000\040\000o\000g\000\363\000l\000n\000e}{}% 49
