\BOOKMARK [1][-]{section.1}{\376\377\000Z\000a\000s\000o\000b\000y\000\040\000i\000\040\000k\000o\000n\000f\000i\000g\000u\000r\000a\000c\000j\000a\000\040\000A\000z\000u\000r\000e\000\040\000A\000I\000\040\000S\000e\000r\000v\000i\000c\000e\000s}{}% 1
\BOOKMARK [2][-]{subsection.1.1}{\376\377\000C\000e\000l}{section.1}% 2
\BOOKMARK [2][-]{subsection.1.2}{\376\377\000T\000w\000o\000r\000z\000e\000n\000i\000e\000\040\000z\000a\000s\000o\000b\000\363\000w\000\040\000A\000z\000u\000r\000e\000\040\000A\000I}{section.1}% 3
\BOOKMARK [3][-]{subsubsection.1.2.1}{\376\377\000R\000e\000s\000o\000u\000r\000c\000e\000\040\000G\000r\000o\000u\000p}{subsection.1.2}% 4
\BOOKMARK [3][-]{subsubsection.1.2.2}{\376\377\000A\000z\000u\000r\000e\000\040\000A\000I\000\040\000S\000p\000e\000e\000c\000h\000\040\000\050\000S\000p\000e\000e\000c\000h\000\040\000S\000e\000r\000v\000i\000c\000e\000s\000\051}{subsection.1.2}% 5
\BOOKMARK [3][-]{subsubsection.1.2.3}{\376\377\000A\000z\000u\000r\000e\000\040\000A\000I\000\040\000D\000o\000c\000u\000m\000e\000n\000t\000\040\000I\000n\000t\000e\000l\000l\000i\000g\000e\000n\000c\000e\000\040\000\050\000F\000o\000r\000m\000\040\000R\000e\000c\000o\000g\000n\000i\000z\000e\000r\000\051}{subsection.1.2}% 6
\BOOKMARK [3][-]{subsubsection.1.2.4}{\376\377\000A\000z\000u\000r\000e\000\040\000A\000I\000\040\000V\000i\000s\000i\000o\000n\000\040\000\050\000C\000o\000m\000p\000u\000t\000e\000r\000\040\000V\000i\000s\000i\000o\000n\000\051}{subsection.1.2}% 7
\BOOKMARK [3][-]{subsubsection.1.2.5}{\376\377\000C\000u\000s\000t\000o\000m\000\040\000V\000i\000s\000i\000o\000n\000\040\000\050\000T\000r\000a\000i\000n\000i\000n\000g\000\040\000i\000\040\000P\000r\000e\000d\000i\000c\000t\000i\000o\000n\000\051}{subsection.1.2}% 8
\BOOKMARK [2][-]{subsection.1.3}{\376\377\000K\000o\000n\000f\000i\000g\000u\000r\000a\000c\000j\000a\000\040\000A\000z\000u\000r\000e\000\040\000K\000e\000y\000\040\000V\000a\000u\000l\000t}{section.1}% 9
\BOOKMARK [3][-]{subsubsection.1.3.1}{\376\377\000U\000t\000w\000o\000r\000z\000e\000n\000i\000e\000\040\000K\000e\000y\000\040\000V\000a\000u\000l\000t}{subsection.1.3}% 10
\BOOKMARK [3][-]{subsubsection.1.3.2}{\376\377\000K\000o\000n\000f\000i\000g\000u\000r\000a\000c\000j\000a\000\040\000d\000o\000s\000t\001\031\000p\000u}{subsection.1.3}% 11
\BOOKMARK [2][-]{subsection.1.4}{\376\377\000Z\000a\000p\000i\000s\000y\000w\000a\000n\000i\000e\000\040\000s\000e\000k\000r\000e\000t\000\363\000w\000\040\000w\000\040\000K\000e\000y\000\040\000V\000a\000u\000l\000t}{section.1}% 12
\BOOKMARK [3][-]{subsubsection.1.4.1}{\376\377\000P\000r\000z\000y\000k\001\102\000a\000d\000o\000w\000e\000\040\000p\000o\000l\000e\000c\000e\000n\000i\000a\000\040\000z\000a\000p\000i\000s\000u}{subsection.1.4}% 13
\BOOKMARK [2][-]{subsection.1.5}{\376\377\000W\000e\000r\000y\000f\000i\000k\000a\000c\000j\000a\000\040\000s\000e\000k\000r\000e\000t\000\363\000w}{section.1}% 14
\BOOKMARK [2][-]{subsection.1.6}{\376\377\000P\000r\000o\000b\000l\000e\000m\000y\000\040\000n\000a\000p\000o\000t\000k\000a\000n\000e\000\040\000i\000\040\000r\000o\000z\000w\000i\001\005\000z\000a\000n\000i\000a}{section.1}% 15
\BOOKMARK [3][-]{subsubsection.1.6.1}{\376\377\000P\000r\000o\000b\000l\000e\000m\000:\000\040\000R\000B\000A\000C\000\040\000A\000u\000t\000h\000o\000r\000i\000z\000a\000t\000i\000o\000n\000\040\000P\000r\000o\000p\000a\000g\000a\000t\000i\000o\000n}{subsection.1.6}% 16
\BOOKMARK [1][-]{section.2}{\376\377\000\040\000A\000z\000u\000r\000e\000\040\000S\000p\000e\000e\000c\000h\000:\000\040\000R\000e\000a\000l\000t\000i\000m\000e\000\040\000S\000T\000T\000\040\000\050\000m\000o\000w\000a\041\222\000t\000e\000k\000s\000t\000\051}{}% 17
\BOOKMARK [2][-]{subsection.2.1}{\376\377\000C\000e\000l}{section.2}% 18
\BOOKMARK [2][-]{subsection.2.2}{\376\377\000P\000r\000z\000y\000g\000o\000t\000o\000w\000a\000n\000i\000e\000\040\000z\000a\000s\000o\000b\000\363\000w}{section.2}% 19
\BOOKMARK [3][-]{subsubsection.2.2.1}{\376\377\000Z\000a\000s\000o\000b\000y\000\040\000A\000z\000u\000r\000e}{subsection.2.2}% 20
\BOOKMARK [2][-]{subsection.2.3}{\376\377\000B\000u\000d\000o\000w\000a\000\040\000a\000p\000l\000i\000k\000a\000c\000j\000i\000\040\000C\000\043\000\040\000C\000o\000n\000s\000o\000l\000e}{section.2}% 21
\BOOKMARK [3][-]{subsubsection.2.3.1}{\376\377\000I\000n\000i\000c\000j\000a\000l\000i\000z\000a\000c\000j\000a\000\040\000p\000r\000o\000j\000e\000k\000t\000u}{subsection.2.3}% 22
\BOOKMARK [3][-]{subsubsection.2.3.2}{\376\377\000A\000r\000c\000h\000i\000t\000e\000k\000t\000u\000r\000a\000\040\000a\000p\000l\000i\000k\000a\000c\000j\000i}{subsection.2.3}% 23
\BOOKMARK [2][-]{subsection.2.4}{\376\377\000K\000o\000d\000\040\000a\000p\000l\000i\000k\000a\000c\000j\000i}{section.2}% 24
\BOOKMARK [3][-]{subsubsection.2.4.1}{\376\377\000K\000o\000n\000f\000i\000g\000u\000r\000a\000c\000j\000a\000\040\000A\000z\000u\000r\000e\000\040\000S\000p\000e\000e\000c\000h}{subsection.2.4}% 25
\BOOKMARK [3][-]{subsubsection.2.4.2}{\376\377\000T\000r\000a\000n\000s\000k\000r\000y\000p\000c\000j\000a\000\040\000z\000\040\000m\000i\000k\000r\000o\000f\000o\000n\000u}{subsection.2.4}% 26
\BOOKMARK [3][-]{subsubsection.2.4.3}{\376\377\000T\000r\000a\000n\000s\000k\000r\000y\000p\000c\000j\000a\000\040\000p\000l\000i\000k\000u\000\040\000W\000A\000V}{subsection.2.4}% 27
\BOOKMARK [3][-]{subsubsection.2.4.4}{\376\377\000Z\000m\000i\000a\000n\000a\000\040\000j\001\031\000z\000y\000k\000a\000\040\000r\000o\000z\000p\000o\000z\000n\000a\000w\000a\000n\000i\000a}{subsection.2.4}% 28
\BOOKMARK [2][-]{subsection.2.5}{\376\377\000T\000e\000s\000t\000o\000w\000a\000n\000i\000e}{section.2}% 29
\BOOKMARK [3][-]{subsubsection.2.5.1}{\376\377\000P\000r\000z\000y\000g\000o\000t\000o\000w\000a\000n\000i\000e\000\040\000p\000l\000i\000k\000u\000\040\000W\000A\000V}{subsection.2.5}% 30
\BOOKMARK [3][-]{subsubsection.2.5.2}{\376\377\000B\000u\000i\000l\000d\000\040\000a\000p\000l\000i\000k\000a\000c\000j\000i}{subsection.2.5}% 31
\BOOKMARK [3][-]{subsubsection.2.5.3}{\376\377\000U\000r\000u\000c\000h\000o\000m\000i\000e\000n\000i\000e\000\040\000a\000p\000l\000i\000k\000a\000c\000j\000i}{subsection.2.5}% 32
\BOOKMARK [3][-]{subsubsection.2.5.4}{\376\377\000S\000c\000e\000n\000a\000r\000i\000o\000\040\000t\000e\000s\000t\000o\000w\000y}{subsection.2.5}% 33
\BOOKMARK [1][-]{section.3}{\376\377\000A\000z\000u\000r\000e\000\040\000D\000o\000c\000u\000m\000e\000n\000t\000\040\000I\000n\000t\000e\000l\000l\000i\000g\000e\000n\000c\000e}{}% 34
\BOOKMARK [2][-]{subsection.3.1}{\376\377\000P\000r\000z\000y\000g\000o\000t\000o\000w\000a\000n\000i\000e\000\040\000z\000a\000s\000o\000b\000\363\000w}{section.3}% 35
\BOOKMARK [3][-]{subsubsection.3.1.1}{\376\377\000Z\000a\000s\000\363\000b\000\040\000A\000z\000u\000r\000e\000\040\000D\000o\000c\000u\000m\000e\000n\000t\000\040\000I\000n\000t\000e\000l\000l\000i\000g\000e\000n\000c\000e}{subsection.3.1}% 36
\BOOKMARK [2][-]{subsection.3.2}{\376\377\000T\000e\000s\000t\000o\000w\000e\000\040\000f\000a\000k\000t\000u\000r\000y}{section.3}% 37
\BOOKMARK [3][-]{subsubsection.3.2.1}{\376\377\000F\000a\000k\000t\000u\000r\000a\000\040\0001\000:\000\040\000A\000C\000M\000E\000\040\000C\000o\000r\000p\000o\000r\000a\000t\000i\000o\000n\000\040\000\050\000P\000L\000N\000\051}{subsection.3.2}% 38
\BOOKMARK [3][-]{subsubsection.3.2.2}{\376\377\000F\000a\000k\000t\000u\000r\000a\000\040\0002\000:\000\040\000G\000l\000o\000b\000a\000l\000\040\000T\000e\000c\000h\000\040\000S\000e\000r\000v\000i\000c\000e\000s\000\040\000\050\000E\000U\000R\000\051}{subsection.3.2}% 39
\BOOKMARK [3][-]{subsubsection.3.2.3}{\376\377\000F\000a\000k\000t\000u\000r\000a\000\040\0003\000:\000\040\000T\000e\000c\000h\000\040\000S\000t\000a\000r\000t\000u\000p\000\040\000I\000n\000c\000\040\000\050\000U\000S\000D\000\051}{subsection.3.2}% 40
\BOOKMARK [2][-]{subsection.3.3}{\376\377\000A\000n\000a\000l\000i\000z\000a\000\040\000A\000z\000u\000r\000e\000\040\000D\000o\000c\000u\000m\000e\000n\000t\000\040\000I\000n\000t\000e\000l\000l\000i\000g\000e\000n\000c\000e\000\040\000A\000P\000I}{section.3}% 41
\BOOKMARK [3][-]{subsubsection.3.3.1}{\376\377\000K\000o\000d\000\040\000a\000n\000a\000l\000i\000z\000y}{subsection.3.3}% 42
\BOOKMARK [3][-]{subsubsection.3.3.2}{\376\377\000S\000t\000r\000u\000k\000t\000u\000r\000a\000\040\000o\000d\000p\000o\000w\000i\000e\000d\000z\000i\000\040\000J\000S\000O\000N}{subsection.3.3}% 43
\BOOKMARK [2][-]{subsection.3.4}{\376\377\000W\000y\000o\000d\000r\001\031\000b\000n\000i\000e\000\040\000p\000o\000l\000a\000\040\040\023\000\040\000W\000y\000n\000i\000k\000i\000\040\000d\000l\000a\000\040\0003\000\040\000f\000a\000k\000t\000u\000r}{section.3}% 44
\BOOKMARK [3][-]{subsubsection.3.4.1}{\376\377\000F\000a\000k\000t\000u\000r\000a\000\040\0001\000\040\000\050\000A\000C\000M\000E\000\040\040\023\000\040\000P\000L\000N\000\051}{subsection.3.4}% 45
\BOOKMARK [3][-]{subsubsection.3.4.2}{\376\377\000F\000a\000k\000t\000u\000r\000a\000\040\0002\000\040\000\050\000G\000l\000o\000b\000a\000l\000\040\000T\000e\000c\000h\000\040\000S\000e\000r\000v\000i\000c\000e\000s\000\040\040\023\000\040\000E\000U\000R\000\051}{subsection.3.4}% 46
\BOOKMARK [3][-]{subsubsection.3.4.3}{\376\377\000F\000a\000k\000t\000u\000r\000a\000\040\0003\000\040\000\050\000T\000e\000c\000h\000\040\000S\000t\000a\000r\000t\000u\000p\000\040\000I\000n\000c\000\040\040\023\000\040\000U\000S\000D\000\051}{subsection.3.4}% 47
\BOOKMARK [2][-]{subsection.3.5}{\376\377\000O\000b\000s\000e\000r\000w\000a\000c\000j\000e\000\040\000d\000o\000t\000y\000c\000z\001\005\000c\000e\000\040\000w\000a\000l\000u\000t\000\040\000i\000\040\000d\000a\000t}{section.3}% 48
\BOOKMARK [3][-]{subsubsection.3.5.1}{\376\377\000R\000o\000z\000p\000o\000z\000n\000a\000w\000a\000n\000i\000e\000\040\000w\000a\000l\000u\000t}{subsection.3.5}% 49
\BOOKMARK [3][-]{subsubsection.3.5.2}{\376\377\000R\000o\000z\000p\000o\000z\000n\000a\000w\000a\000n\000i\000e\000\040\000d\000a\000t}{subsection.3.5}% 50
\BOOKMARK [2][-]{subsection.3.6}{\376\377\000S\000t\000r\000u\000k\000t\000u\000r\000a\000\040\000d\000a\000n\000y\000c\000h\000\040\040\023\000\040\000T\000a\000b\000e\000l\000e\000\040\000p\000o\000z\000y\000c\000j\000i}{section.3}% 51
\BOOKMARK [3][-]{subsubsection.3.6.1}{\376\377\000T\000y\000p\000\040\000d\000a\000n\000y\000c\000h\000\040\000I\000t\000e\000m\000s}{subsection.3.6}% 52
\BOOKMARK [3][-]{subsubsection.3.6.2}{\376\377\000C\000o\000n\000f\000i\000d\000e\000n\000c\000e\000\040\000S\000c\000o\000r\000e\000s}{subsection.3.6}% 53
\BOOKMARK [3][-]{subsubsection.3.6.3}{\376\377\000W\000n\000i\000o\000s\000k\000i}{subsection.3.6}% 54
\BOOKMARK [1][-]{section.4}{\376\377\000A\000z\000u\000r\000e\000\040\000C\000o\000m\000p\000u\000t\000e\000r\000\040\000V\000i\000s\000i\000o\000n\000:\000\040\000I\000m\000a\000g\000e\000\040\000A\000n\000a\000l\000y\000s\000i\000s}{}% 55
\BOOKMARK [2][-]{subsection.4.1}{\376\377\000P\000r\000z\000y\000g\000o\000t\000o\000w\000a\000n\000i\000e\000\040\000z\000a\000s\000o\000b\000\363\000w}{section.4}% 56
\BOOKMARK [3][-]{subsubsection.4.1.1}{\376\377\000Z\000a\000s\000\363\000b\000\040\000A\000z\000u\000r\000e\000\040\000C\000o\000m\000p\000u\000t\000e\000r\000\040\000V\000i\000s\000i\000o\000n}{subsection.4.1}% 57
\BOOKMARK [3][-]{subsubsection.4.1.2}{\376\377\000P\000r\000z\000y\000g\000o\000t\000o\000w\000a\000n\000i\000e\000\040\000o\000b\000r\000a\000z\000\363\000w}{subsection.4.1}% 58
\BOOKMARK [2][-]{subsection.4.2}{\376\377\000I\000m\000p\000l\000e\000m\000e\000n\000t\000a\000c\000j\000a\000\040\000a\000n\000a\000l\000i\000z\000y}{section.4}% 59
\BOOKMARK [3][-]{subsubsection.4.2.1}{\376\377\000A\000r\000c\000h\000i\000t\000e\000k\000t\000u\000r\000a\000\040\000r\000o\000z\000w\000i\001\005\000z\000a\000n\000i\000a}{subsection.4.2}% 60
\BOOKMARK [3][-]{subsubsection.4.2.2}{\376\377\000K\000o\000d\000\040\000P\000y\000t\000h\000o\000n\000\040\040\023\000\040\000a\000n\000a\000l\000i\000z\000a\000\040\000o\000b\000r\000a\000z\000\363\000w}{subsection.4.2}% 61
\BOOKMARK [2][-]{subsection.4.3}{\376\377\000W\000y\000n\000i\000k\000i\000\040\000a\000n\000a\000l\000i\000z\000y}{section.4}% 62
\BOOKMARK [3][-]{subsubsection.4.3.1}{\376\377\000D\000a\000n\000e\000\040\000A\000P\000I\000\040\040\023\000\040\000w\000s\000z\000y\000s\000t\000k\000i\000e\000\040\0005\000\040\000o\000b\000r\000a\000z\000\363\000w}{subsection.4.3}% 63
\BOOKMARK [3][-]{subsubsection.4.3.2}{\376\377\000S\000z\000c\000z\000e\000g\000\363\001\102\000o\000w\000e\000\040\000J\000S\000O\000N\000\040\000r\000e\000s\000p\000o\000n\000s\000e\000\040\000d\000l\000a\000\040\000h\000o\000n\000d\000a\000.\000j\000p\000g}{subsection.4.3}% 64
\BOOKMARK [3][-]{subsubsection.4.3.3}{\376\377\000S\000z\000c\000z\000e\000g\000\363\001\102\000o\000w\000e\000\040\000J\000S\000O\000N\000\040\000r\000e\000s\000p\000o\000n\000s\000e\000\040\000d\000l\000a\000\040\000t\000r\000a\000k\000t\000o\000r\000.\000j\000p\000g}{subsection.4.3}% 65
\BOOKMARK [3][-]{subsubsection.4.3.4}{\376\377\000P\000o\000r\000\363\000w\000n\000a\000n\000i\000e\000\040\000o\000b\000r\000a\000z\000u\000\040\000z\000\040\000J\000S\000O\000N\000\040\000r\000e\000s\000p\000o\000n\000s\000e}{subsection.4.3}% 66
\BOOKMARK [2][-]{subsection.4.4}{\376\377\000A\000n\000a\000l\000i\000z\000a\000\040\000w\000y\000n\000i\000k\000\363\000w}{section.4}% 67
\BOOKMARK [3][-]{subsubsection.4.4.1}{\376\377\000R\000o\000z\000p\000o\000z\000n\000a\000n\000e\000\040\000k\000a\000t\000e\000g\000o\000r\000i\000e}{subsection.4.4}% 68
\BOOKMARK [3][-]{subsubsection.4.4.2}{\376\377\000P\000o\000r\000\363\000w\000n\000a\000n\000i\000e\000\040\000j\000a\000k\000o\001\133\000c\000i\000\040\000r\000o\000z\000p\000o\000z\000n\000a\000n\000i\000a\000\040\000w\000z\000g\000l\001\031\000d\000e\000m\000\040\000r\000o\000z\000m\000i\000a\000r\000u\000\040\000o\000b\000r\000a\000z\000u}{subsection.4.4}% 69
\BOOKMARK [2][-]{subsection.4.5}{\376\377\000D\000e\000n\000s\000e\000\040\000C\000a\000p\000t\000i\000o\000n\000s}{section.4}% 70
\BOOKMARK [1][-]{section.5}{\376\377\000C\000u\000s\000t\000o\000m\000\040\000V\000i\000s\000i\000o\000n\000:\000\040\000K\000l\000a\000s\000y\000f\000i\000k\000a\000c\000j\000a\000\040\000w\000i\000e\000l\000o\000k\000l\000a\000s\000o\000w\000a}{}% 71
\BOOKMARK [2][-]{subsection.5.1}{\376\377\000P\000r\000z\000y\000g\000o\000t\000o\000w\000a\000n\000i\000e\000\040\000z\000a\000s\000o\000b\000\363\000w}{section.5}% 72
\BOOKMARK [3][-]{subsubsection.5.1.1}{\376\377\000A\000z\000u\000r\000e\000\040\000C\000u\000s\000t\000o\000m\000\040\000V\000i\000s\000i\000o\000n\000\040\000R\000e\000s\000o\000u\000r\000c\000e\000s}{subsection.5.1}% 73
\BOOKMARK [3][-]{subsubsection.5.1.2}{\376\377\000P\000r\000z\000y\000g\000o\000t\000o\000w\000a\000n\000i\000e\000\040\000d\000a\000n\000y\000c\000h\000\040\040\023\000\040\000S\000t\000r\000u\000k\000t\000u\000r\000a\000\040\000o\000b\000r\000a\000z\000\363\000w}{subsection.5.1}% 74
\BOOKMARK [2][-]{subsection.5.2}{\376\377\000I\000m\000p\000l\000e\000m\000e\000n\000t\000a\000c\000j\000a\000\040\000t\000r\000e\000n\000o\000w\000a\000n\000i\000a}{section.5}% 75
\BOOKMARK [3][-]{subsubsection.5.2.1}{\376\377\000A\000r\000c\000h\000i\000t\000e\000k\000t\000u\000r\000a\000\040\000r\000o\000z\000w\000i\001\005\000z\000a\000n\000i\000a}{subsection.5.2}% 76
\BOOKMARK [3][-]{subsubsection.5.2.2}{\376\377\000K\000o\000d\000\040\040\023\000\040\000T\000r\000e\000n\000o\000w\000a\000n\000i\000e\000\040\000m\000o\000d\000e\000l\000u}{subsection.5.2}% 77
\BOOKMARK [2][-]{subsection.5.3}{\376\377\000W\000y\000n\000i\000k\000i\000\040\000t\000r\000e\000n\000o\000w\000a\000n\000i\000a}{section.5}% 78
\BOOKMARK [3][-]{subsubsection.5.3.1}{\376\377\000M\000e\000t\000r\000y\000k\000i\000\040\000m\000o\000d\000e\000l\000u}{subsection.5.3}% 79
\BOOKMARK [3][-]{subsubsection.5.3.2}{\376\377\000A\000n\000a\000l\000i\000z\000a\000\040\000w\000y\000n\000i\000k\000\363\000w}{subsection.5.3}% 80
\BOOKMARK [2][-]{subsection.5.4}{\376\377\000P\000u\000b\000l\000i\000k\000a\000c\000j\000a\000\040\000i\000\040\000t\000e\000s\000t\000o\000w\000a\000n\000i\000e}{section.5}% 81
\BOOKMARK [3][-]{subsubsection.5.4.1}{\376\377\000P\000u\000b\000l\000i\000k\000a\000c\000j\000a\000\040\000m\000o\000d\000e\000l\000u}{subsection.5.4}% 82
\BOOKMARK [3][-]{subsubsection.5.4.2}{\376\377\000P\000r\000e\000d\000i\000c\000t\000i\000o\000n\000\040\000U\000R\000L}{subsection.5.4}% 83
\BOOKMARK [3][-]{subsubsection.5.4.3}{\376\377\000F\000o\000r\000m\000a\000t\000\040\000o\000d\000p\000o\000w\000i\000e\000d\000z\000i}{subsection.5.4}% 84
\BOOKMARK [2][-]{subsection.5.5}{\376\377\000T\000e\000s\000t\000o\000w\000a\000n\000i\000e\000\040\000n\000a\000\040\000n\000o\000w\000y\000c\000h\000\040\000o\000b\000r\000a\000z\000a\000c\000h\000\040\000\050\000V\000a\000l\000i\000d\000a\000t\000i\000o\000n\000\040\000S\000e\000t\000\051}{section.5}% 85
\BOOKMARK [3][-]{subsubsection.5.5.1}{\376\377\000W\000y\000n\000i\000k\000i\000\040\000V\000a\000l\000i\000d\000a\000t\000i\000o\000n\000\040\000T\000e\000s\000t\000i\000n\000g}{subsection.5.5}% 86
\BOOKMARK [3][-]{subsubsection.5.5.2}{\376\377\000P\000o\000r\000\363\000w\000n\000a\000n\000i\000e\000\040\000T\000r\000a\000i\000n\000\040\000v\000s\000\040\000V\000a\000l\000i\000d\000a\000t\000i\000o\000n}{subsection.5.5}% 87
\BOOKMARK [1][-]{section.6}{\376\377\000C\000u\000s\000t\000o\000m\000\040\000V\000i\000s\000i\000o\000n\000\040\000-\000\040\000D\000e\000t\000e\000k\000c\000j\000a\000\040\000O\000b\000i\000e\000k\000t\000\363\000w}{}% 88
\BOOKMARK [2][-]{subsection.6.1}{\376\377\000C\000e\000l}{section.6}% 89
\BOOKMARK [2][-]{subsection.6.2}{\376\377\000Z\000a\000s\000o\000b\000y\000\040\000A\000z\000u\000r\000e}{section.6}% 90
\BOOKMARK [2][-]{subsection.6.3}{\376\377\000D\000a\000t\000a\000s\000e\000t}{section.6}% 91
\BOOKMARK [2][-]{subsection.6.4}{\376\377\000T\000r\000e\000n\000i\000n\000g\000\040\000M\000o\000d\000e\000l\000u}{section.6}% 92
\BOOKMARK [2][-]{subsection.6.5}{\376\377\000T\000e\000s\000t\000o\000w\000a\000n\000i\000e}{section.6}% 93
\BOOKMARK [3][-]{subsubsection.6.5.1}{\376\377\000M\000e\000t\000o\000d\000o\000l\000o\000g\000i\000a}{subsection.6.5}% 94
\BOOKMARK [3][-]{subsubsection.6.5.2}{\376\377\000W\000y\000n\000i\000k\000i\000\040\000T\000e\000s\000t\000\363\000w}{subsection.6.5}% 95
\BOOKMARK [2][-]{subsection.6.6}{\376\377\000P\000o\000d\000s\000u\000m\000o\000w\000a\000n\000i\000e}{section.6}% 96
\BOOKMARK [1][-]{section.7}{\376\377\000I\000n\000t\000e\000g\000r\000a\000c\000j\000a\000\040\000.\000N\000E\000T\000\040\0009\000\040\000M\000i\000n\000i\000m\000a\000l\000\040\000A\000P\000I\000\040\000z\000\040\000A\000z\000u\000r\000e\000\040\000C\000o\000m\000p\000u\000t\000e\000r\000\040\000V\000i\000s\000i\000o\000n}{}% 97
\BOOKMARK [2][-]{subsection.7.1}{\376\377\000W\000s\000t\001\031\000p}{section.7}% 98
\BOOKMARK [2][-]{subsection.7.2}{\376\377\000A\000r\000c\000h\000i\000t\000e\000k\000t\000u\000r\000a}{section.7}% 99
\BOOKMARK [2][-]{subsection.7.3}{\376\377\000I\000m\000p\000l\000e\000m\000e\000n\000t\000a\000c\000j\000a}{section.7}% 100
\BOOKMARK [3][-]{subsubsection.7.3.1}{\376\377\000S\000e\000r\000v\000i\000c\000e\000s\000/\000V\000i\000s\000i\000o\000n\000S\000e\000r\000v\000i\000c\000e\000.\000c\000s}{subsection.7.3}% 101
\BOOKMARK [3][-]{subsubsection.7.3.2}{\376\377\000M\000o\000d\000e\000l\000s\000/\000V\000i\000s\000i\000o\000n\000O\000p\000t\000i\000o\000n\000s\000.\000c\000s}{subsection.7.3}% 102
\BOOKMARK [3][-]{subsubsection.7.3.3}{\376\377\000P\000r\000o\000g\000r\000a\000m\000.\000c\000s\000\040\000-\000\040\000M\000i\000n\000i\000m\000a\000l\000\040\000A\000P\000I}{subsection.7.3}% 103
\BOOKMARK [3][-]{subsubsection.7.3.4}{\376\377\000K\000o\000n\000f\000i\000g\000u\000r\000a\000c\000j\000a\000\040\000I\000O\000p\000t\000i\000o\000n\000s}{subsection.7.3}% 104
\BOOKMARK [3][-]{subsubsection.7.3.5}{\376\377\000A\000z\000u\000r\000e\000\040\000K\000e\000y\000\040\000V\000a\000u\000l\000t\000\040\000\050\000o\000p\000c\000j\000o\000n\000a\000l\000n\000i\000e\000\051}{subsection.7.3}% 105
\BOOKMARK [2][-]{subsection.7.4}{\376\377\000A\000P\000I\000\040\000E\000n\000d\000p\000o\000i\000n\000t\000s}{section.7}% 106
\BOOKMARK [3][-]{subsubsection.7.4.1}{\376\377\0001\000.\000\040\000H\000e\000a\000l\000t\000h\000\040\000C\000h\000e\000c\000k}{subsection.7.4}% 107
\BOOKMARK [3][-]{subsubsection.7.4.2}{\376\377\0002\000.\000\040\000A\000n\000a\000l\000i\000z\000a\000\040\000o\000b\000r\000a\000z\000u\000\040\000\050\000U\000R\000L\000\051}{subsection.7.4}% 108
\BOOKMARK [3][-]{subsubsection.7.4.3}{\376\377\0003\000.\000\040\000A\000n\000a\000l\000i\000z\000a\000\040\000o\000b\000r\000a\000z\000u\000\040\000\050\000B\000a\000s\000e\0006\0004\000\051}{subsection.7.4}% 109
\BOOKMARK [3][-]{subsubsection.7.4.4}{\376\377\0004\000.\000\040\000T\000e\000s\000t\000\040\000E\000n\000d\000p\000o\000i\000n\000t}{subsection.7.4}% 110
\BOOKMARK [3][-]{subsubsection.7.4.5}{\376\377\0005\000.\000\040\000P\000o\000k\000a\001\174\000\040\000k\000o\000n\000f\000i\000g\000u\000r\000a\000c\000j\001\031}{subsection.7.4}% 111
\BOOKMARK [2][-]{subsection.7.5}{\376\377\000T\000e\000s\000t\000o\000w\000a\000n\000i\000e}{section.7}% 112
\BOOKMARK [3][-]{subsubsection.7.5.1}{\376\377\000B\000u\000i\000l\000d\000\040\000i\000\040\000u\000r\000u\000c\000h\000o\000m\000i\000e\000n\000i\000e}{subsection.7.5}% 113
\BOOKMARK [3][-]{subsubsection.7.5.2}{\376\377\000T\000e\000s\000t\000\040\0001\000:\000\040\000H\000e\000a\000l\000t\000h\000\040\000C\000h\000e\000c\000k}{subsection.7.5}% 114
\BOOKMARK [3][-]{subsubsection.7.5.3}{\376\377\000T\000e\000s\000t\000\040\0002\000:\000\040\000A\000n\000a\000l\000i\000z\000a\000\040\000o\000b\000r\000a\000z\000u}{subsection.7.5}% 115
